  source.cpp
C:\Users\OFFICE\Desktop\c-code\Program\Program\source.cpp(38,19): error C2672: 'std::_Hash<std::_Uset_traits<_Kty,std::_Uhash_compare<_Kty,_Hasher,_Keyeq>,_Alloc,false>>::find': 일치하는 오버로드된 함수가 없습니다.
C:\Users\OFFICE\Desktop\c-code\Program\Program\source.cpp(38,19): error C2672:         with
C:\Users\OFFICE\Desktop\c-code\Program\Program\source.cpp(38,19): error C2672:         [
C:\Users\OFFICE\Desktop\c-code\Program\Program\source.cpp(38,19): error C2672:             _Kty=const char *,
C:\Users\OFFICE\Desktop\c-code\Program\Program\source.cpp(38,19): error C2672:             _Hasher=std::hash<const char *>,
C:\Users\OFFICE\Desktop\c-code\Program\Program\source.cpp(38,19): error C2672:             _Keyeq=std::equal_to<const char *>,
C:\Users\OFFICE\Desktop\c-code\Program\Program\source.cpp(38,19): error C2672:             _Alloc=std::allocator<const char *>
C:\Users\OFFICE\Desktop\c-code\Program\Program\source.cpp(38,19): error C2672:         ]
      C:\Program Files\Microsoft Visual Studio\2022\Community\VC\Tools\MSVC\14.43.34808\include\xhash(1234,31):
      'std::_List_const_iterator<std::_List_val<std::_List_simple_types<_Ty>>> std::_Hash<std::_Uset_traits<_Kty,std::_Uhash_compare<_Kty,_Hasher,_Keyeq>,_Alloc,false>>::find(const _Kty &) const'일 수 있습니다.
          with
          [
              _Ty=const char *,
              _Kty=const char *,
              _Hasher=std::hash<const char *>,
              _Keyeq=std::equal_to<const char *>,
              _Alloc=std::allocator<const char *>
          ]
          C:\Users\OFFICE\Desktop\c-code\Program\Program\source.cpp(38,24):
          '초기화 중': 'char'에서 'const _Kty &'(으)로 변환할 수 없습니다.
          with
          [
              _Kty=const char *
          ]
              C:\Users\OFFICE\Desktop\c-code\Program\Program\source.cpp(38,24):
              원인: 'char'에서 'const _Kty'(으)로 변환할 수 없습니다.
          with
          [
              _Kty=const char *
          ]
              C:\Users\OFFICE\Desktop\c-code\Program\Program\source.cpp(38,24):
              정수 계열 형식에서 포인터 형식으로 변환하려면 reinterpret_cast, C 스타일 캐스트 또는 괄호가 있는 함수 스타일 캐스트가 필요합니다.
      C:\Program Files\Microsoft Visual Studio\2022\Community\VC\Tools\MSVC\14.43.34808\include\xhash(1229,25):
      또는       'std::_List_const_iterator<std::_List_val<std::_List_simple_types<_Ty>>> std::_Hash<std::_Uset_traits<_Kty,std::_Uhash_compare<_Kty,_Hasher,_Keyeq>,_Alloc,false>>::find(const _Kty &)'
          with
          [
              _Ty=const char *,
              _Kty=const char *,
              _Hasher=std::hash<const char *>,
              _Keyeq=std::equal_to<const char *>,
              _Alloc=std::allocator<const char *>
          ]
          C:\Users\OFFICE\Desktop\c-code\Program\Program\source.cpp(38,24):
          '초기화 중': 'char'에서 'const _Kty &'(으)로 변환할 수 없습니다.
          with
          [
              _Kty=const char *
          ]
              C:\Users\OFFICE\Desktop\c-code\Program\Program\source.cpp(38,24):
              원인: 'char'에서 'const _Kty'(으)로 변환할 수 없습니다.
          with
          [
              _Kty=const char *
          ]
              C:\Users\OFFICE\Desktop\c-code\Program\Program\source.cpp(38,24):
              정수 계열 형식에서 포인터 형식으로 변환하려면 reinterpret_cast, C 스타일 캐스트 또는 괄호가 있는 함수 스타일 캐스트가 필요합니다.
  
